// Jest Snapshot v1, https://goo.gl/fbAQLP

exports[`LoremText Snapshots Should exist 1`] = `[Function]`;
