// Jest Snapshot v1, https://goo.gl/fbAQLP

exports[`Snapshots Should exist 1`] = `[Function]`;
